../Core/Src/main.c:92:6:Display_Intro	8	static
../Core/Src/main.c:104:6:Display_Auth	16	static
../Core/Src/main.c:119:6:Display_Sensors	56	static
../Core/Src/main.c:142:6:Display_Password_Entry	16	static
../Core/Src/main.c:161:6:Display_Setup_Verify	16	static
../Core/Src/main.c:183:6:HAL_UART_RxCpltCallback	16	static
../Core/Src/main.c:421:6:Servo_SetAngle	24	static
../Core/Src/main.c:427:6:Display_Setup	16	static
../Core/Src/main.c:442:6:Display_Setup_Password	16	static
../Core/Src/main.c:461:6:Display_Setup_Fingerprint	8	static
../Core/Src/main.c:473:6:Display_Setup_RFID	8	static
../Core/Src/main.c:483:6:Display_Success	16	static
../Core/Src/main.c:491:6:Display_Error	16	static
../Core/Src/main.c:499:6:Send_Sensor_Data_To_ESP32	144	static
../Core/Src/main.c:511:5:main	144	static
../Core/Src/main.c:625:6:SystemClock_Config	88	static
../Core/Src/main.c:674:6:Error_Handler	4	static,ignoring_inline_asm
